<html>
<body>
<pre>
<h1>µVision Build Log</h1>
<h2>Project:</h2>
C:\Users\benna\Dropbox\College\5th Year\cpts 466\Ben Nachmanson Project 7\Code\ADCSWTrigger.uvproj
Project File Date:  12/06/2021

<h2>Output:</h2>
Build target 'ADCSWTrigger'
compiling ADCTestMain.c...
linking...
Program Size: Code=4700 RO-data=32 RW-data=4 ZI-data=1124  
".\ADCSWTrigger.axf" - 0 Error(s), 0 Warning(s).
Load "C:\\Users\\benna\\Dropbox\\College\\5th Year\\cpts 466\\Ben Nachmanson Project 7\\Code\\ADCSWTrigger.axf" 
Connecting: Mode=JTAG, Speed=1000000Hz
Erase Done.
Programming Done.
Verify OK.
</pre>
</body>
</html>
