<html>
<body>
<pre>
<h1>µVision Build Log</h1>
<h2>Project:</h2>
C:\Users\benna\Dropbox\College\5th Year\cpts 466\Ben Nachmanson Project 6\C14_ADCSWTrigger\ADCSWTrigger.uvproj
Project File Date:  12/01/2021

<h2>Output:</h2>
Rebuild target 'ADCSWTrigger'
assembling startup.s...
compiling ADCSWTrigger.c...
compiling ADCTestMain.c...
compiling PLL.c...
compiling Sound.c...
compiling Switch.c...
compiling UART.c...
linking...
Program Size: Code=5400 RO-data=48 RW-data=12 ZI-data=1124  
".\ADCSWTrigger.axf" - 0 Error(s), 0 Warning(s).
Load "C:\\Users\\benna\\Dropbox\\College\\5th Year\\cpts 466\\Ben Nachmanson Project 6\\C14_ADCSWTrigger\\ADCSWTrigger.axf" 
Connecting: Mode=JTAG, Speed=1000000Hz
Erase Done.
Programming Done.
Verify OK.
</pre>
</body>
</html>
opbox\\College\\5th Year\\cpts 466\\Ben Nachmanson Project 6\\C14_ADCSWTrigger\\ADCSWTrigger.axf" 
Connecting: Mode=JTAG, Speed=1000000Hz
Erase Done.
Programming Done.
Verify OK.
