<html>
<body>
<pre>
<h1>µVision Build Log</h1>
<h2>Project:</h2>
C:\Users\benna\Dropbox\College\5th Year\cpts 466\Project 4 - Ben Nachmanson\Source\UART.uvproj
Project File Date:  10/09/2018

<h2>Output:</h2>
Build target 'UART'
compiling UART.c...
linking...
Program Size: Code=2396 RO-data=16 RW-data=0 ZI-data=1120  
".\UART.axf" - 0 Error(s), 0 Warning(s).
Load "C:\\Users\\benna\\Dropbox\\College\\5th Year\\cpts 466\\Project 4 - Ben Nachmanson\\Source\\UART.axf" 
Connecting: Mode=JTAG, Speed=1000000Hz
Erase Done.
Programming Done.
Verify OK.
</pre>
</body>
</html>
